Hello from Rust Harness!